4a000000 T __image_copy_start
4a000000 T _start
4a000020 t _undefined_instruction
4a000024 t _software_interrupt
4a000028 t _prefetch_abort
4a00002c t _data_abort
4a000030 t _not_used
4a000034 t _irq
4a000038 t _fiq
4a00003c t _pad
4a000040 T _TEXT_BASE
4a000040 T _end_vect
4a000044 T _bss_start_ofs
4a000048 T _bss_end_ofs
4a00004c T _end_ofs
4a000050 T IRQ_STACK_START_IN
4a000054 t reset
4a000094 T c_runtime_cpu_setup
4a0000ac W save_boot_params
4a0000b0 T cpu_init_cp15
4a0000e8 T cpu_init_crit
4a000100 t undefined_instruction
4a000160 t software_interrupt
4a0001c0 t prefetch_abort
4a000220 t data_abort
4a000280 t not_used
4a0002e0 t irq
4a000340 t fiq
4a0003a0 T lowlevel_init
4a0003c4 t v7_maint_dcache_all
4a000494 T invalidate_icache_all
4a0004ac T __v7_outer_cache_enable
4a0004ac W v7_outer_cache_enable
4a0004b0 T __v7_outer_cache_disable
4a0004b0 W v7_outer_cache_disable
4a0004b4 T __v7_outer_cache_flush_all
4a0004b4 W v7_outer_cache_flush_all
4a0004b8 T flush_dcache_all
4a0004cc T __v7_outer_cache_inval_all
4a0004cc W v7_outer_cache_inval_all
4a0004d0 T invalidate_dcache_all
4a0004e4 T arm_init_before_mmu
4a00050c T __v7_outer_cache_flush_range
4a00050c W v7_outer_cache_flush_range
4a000510 T flush_dcache_range
4a00054c T flush_cache
4a000554 W cpu_cache_initialization
4a000558 T cleanup_before_linux
4a000580 T sr32
4a0005a4 T do_go_exec
4a0005c8 T timer_init
4a0005e8 T get_timer_masked
4a000640 T get_timer
4a000654 T __udelay
4a0006ac T get_ticks
4a0006bc T get_tbclk
4a0006c4 T gpio_init
4a0006f4 T reset_cpu
4a000704 T s_init
4a000724 T enable_caches
4a000728 T cpu_eth_init
4a000738 T clock_init
4a0007a0 T clock_get_pll5
4a0007e0 T clock_twi_onoff
4a000818 T sunxi_gpio_set_cfgpin
4a000858 T sunxi_gpio_set_pull
4a00089c T watchdog_reset
4a0008b0 T watchdog_set
4a0008ec T watchdog_init
4a000900 T print_cpuinfo
4a000918 T _main
4a000958 t here
4a000968 t clbss_l
4a00099c T relocate_code
4a0009ac t copy_loop
4a0009c4 t fixloop
4a0009e4 t fixnext
4a0009ec t relocate_done
4a000a00 T __arch_cpu_init
4a000a00 W arch_cpu_init
4a000a08 t init_func_i2c
4a000a3c t display_banner
4a000a5c t init_baudrate
4a000a88 t mark_bootstage
4a000a9c T __coloured_LED_init
4a000a9c W coloured_LED_init
4a000aa0 T __red_led_on
4a000aa0 W red_led_on
4a000aa4 T __dram_init_banksize
4a000aa4 W dram_init_banksize
4a000ac0 T __power_init_board
4a000ac0 W power_init_board
4a000ac8 T board_init_f
4a000bf4 T board_init_r
4a000ca8 T arch_fixup_memory_node
4a000ce0 t boot_jump_linux
4a000d94 T arch_lmb_reserve
4a000db8 W setup_board_tags
4a000dbc t boot_prep_linux
4a000f38 T do_bootm_linux
4a000f98 T bootz_setup
4a000ff8 T interrupt_init
4a001014 T enable_interrupts
4a001018 T disable_interrupts
4a001020 T bad_mode
4a001030 T show_regs
4a00116c T do_undefined_instruction
4a00118c T do_software_interrupt
4a0011ac T do_prefetch_abort
4a0011cc T do_data_abort
4a0011ec T do_not_used
4a00120c T do_fiq
4a00122c T do_irq
4a00124c T do_reset
4a001278 t cp_delay
4a0012a8 W arm_init_domains
4a0012ac T set_section_dcache
4a0012c0 W dram_bank_mmu_setup
4a001308 T icache_disable
4a001324 T dcache_enable
4a001390 T dcache_disable
4a0013b8 T dcache_status
4a0013c4 t print_num
4a0013dc T do_bdinfo
4a00155c t do_go
4a0015cc t image_info
4a001690 t copy_args
4a0016dc T do_bootd
4a001700 t do_bootm_rtems
4a00174c t do_iminfo
4a0017ac t bootm_find_ramdisk.isra.8
4a0017ec t bootm_find_fdt
4a001848 t do_bootm_plan9
4a0018f8 t do_bootm_qnxelf
4a00195c t do_bootm_vxworks
4a0019c0 t do_bootm_netbsd
4a001ac0 W arch_preboot_os
4a001ac0 t __arch_preboot_os
4a001ac4 t do_bootm_states.isra.18.constprop.20
4a0022dc T do_bootm
4a0023b4 T bootm_maybe_autostart
4a002428 T do_bootz
4a002528 t do_coninfo
4a0025e0 t do_echo
4a002690 t load_elf_image_shdr
4a00271c W do_bootelf_exec
4a002760 T valid_elf_image
4a0027ac T do_bootvx
4a002a48 T do_bootelf
4a002bac t do_exit
4a002be0 T do_ext2load
4a002bf8 T do_ext2ls
4a002c0c T do_ext4_ls
4a002c20 T do_ext4_load
4a002c38 t do_fat_fswrite
4a002d30 t do_fat_fsinfo
4a002dc0 t do_fat_ls
4a002dd4 T do_fat_fsload
4a002dec t fdt_valid
4a002eac t is_printable_string
4a002f3c t print_data
4a0030ac T set_working_fdt_addr
4a0030c8 t do_fdt
4a003f74 t do_gpio
4a0040e4 t do_help
4a004128 t get_alen
4a004164 t do_i2c
4a0041c0 t do_i2c_reset
4a0041dc t do_i2c_mw
4a0042cc t do_i2c_read
4a004378 t do_i2c_probe
4a004418 t do_i2c_md
4a0045ec t do_i2c_crc
4a004700 t do_i2c_write
4a0047f0 t do_i2c_loop
4a0048cc t mod_i2c_mem.isra.2
4a004ab0 t do_i2c_nm
4a004ab8 t do_i2c_mm
4a004ac0 W i2c_get_bus_speed
4a004acc W i2c_set_bus_speed
4a004ae4 t do_i2c_bus_speed
4a004b58 t evalexp
4a004bd0 t binary_test
4a004d9c t do_itest
4a004e34 T get_led_cmd
4a004e90 T do_led
4a004f9c t bin_data_init
4a004fc8 t k_data_restore
4a005014 t load_serial_ymodem
4a0050f4 t getcxmodem
4a005114 t bin_data_char
4a00513c t chk1.constprop.1
4a00516c t s1_sendpacket.constprop.2
4a0051bc t load_serial
4a0053b4 t do_load_serial
4a005494 t do_load_serial_bin
4a005c98 t do_mem_loop
4a005d94 t do_mem_mw
4a005e58 t do_mem_base
4a005e98 t do_mem_cmp
4a005ff0 t do_mem_crc
4a006038 t do_mem_cp
4a006110 t do_mem_md
4a0061fc t mod_mem.isra.2
4a006374 t do_mem_nm
4a00637c t do_mem_mm
4a006384 t extract_range
4a0063d0 t do_mii
4a006b88 t do_sleep
4a006bf8 t do_mmcops
4a007080 t do_mmcinfo
4a0071fc t netboot_common
4a007504 t do_nfs
4a007510 t do_dhcp
4a00751c t do_bootp
4a007528 T do_tftpb
4a007568 T do_sntp
4a007628 t do_ping
4a00769c T do_dns
4a007730 t do_env_delete
4a0077d8 t env_print
4a0078a0 t do_env_print
4a007968 t do_env
4a0079c4 t do_env_import
4a007c28 t do_env_default
4a007cdc t do_env_save
4a007d08 t _do_env_set.isra.0
4a007ee0 t do_env_set
4a007efc T get_env_id
4a007f0c T setenv
4a007f6c T setenv_ulong
4a007f8c T setenv_hex
4a007fc0 t do_env_export
4a00822c T envmatch
4a008298 T getenv_f
4a008368 T getenv
4a0083e0 t do_env_edit
4a00845c T getenv_ulong
4a00848c T getenv_hex
4a0084c0 t get_arg
4a008520 t do_setexpr
4a008668 T source
4a008748 T do_source
4a008790 t do_false
4a008798 t do_true
4a0087a0 t do_test
4a008c18 t do_version
4a008c50 t do_imgextract
4a008ec8 T find_cmd_tbl
4a008f6c T find_cmd
4a008f94 T cmd_usage
4a008ff0 T _do_help
4a009174 T var_complete
4a0091fc T cmd_auto_complete
4a00968c T cmd_get_data_size
4a0096dc T cmd_process
4a0097c8 t console_setfile
4a009868 T fgetc
4a009894 T ftstc
4a0098c0 T fputc
4a0098e8 T getc
4a00990c T tstc
4a009930 T putc
4a009958 T puts
4a009994 T printf
4a0099e0 T vprintf
4a009a20 T ctrlc
4a009a78 T had_ctrlc
4a009a88 T clear_ctrlc
4a009a9c T search_device
4a009acc T console_assign
4a009b14 t on_console
4a009bd8 T console_init_f
4a009be8 T stdio_print_current_devices
4a009ca0 T console_init_r
4a009d74 T sbrk
4a009de4 T mem_malloc_init
4a009e18 T malloc_trim
4a009ee4 T free
4a00a11c T malloc
4a00a720 T calloc
4a00a7f8 T memalign
4a00a904 T realloc
4a00adc0 T env_attr_walk
4a00aedc T env_attr_lookup
4a00b06c t clear_callback
4a00b07c t on_callbacks
4a00b0c4 t set_callback
4a00b19c T env_callback_init
4a00b28c W env_get_char_spec
4a00b28c t __env_get_char_spec
4a00b298 T env_get_addr
4a00b2b8 T env_get_char_memory
4a00b2c8 T env_get_char
4a00b2f8 T getenv_yesno
4a00b348 T getenv_default
4a00b378 T set_default_env
4a00b430 T set_default_vars
4a00b464 T env_import
4a00b540 T env_relocate
4a00b570 T env_complete
4a00b644 t skip_num
4a00b6c4 t clear_flags
4a00b6d4 t on_flags
4a00b71c T env_flags_parse_vartype
4a00b76c T env_flags_parse_varaccess
4a00b7c4 t set_flags
4a00b870 T env_flags_init
4a00b91c T env_flags_validate
4a00bc2c t init_mmc_for_env
4a00bc60 W mmc_get_env_addr
4a00bc70 T env_init
4a00bc8c T saveenv
4a00be18 T env_relocate_spec
4a00bee8 t dummy
4a00beec T get_version
4a00bef4 T jumptable_init
4a00c094 t get_cells_len
4a00c0d0 T fdt_find_and_setprop
4a00c140 T fdt_initrd
4a00c2fc T fdt_chosen
4a00c404 T do_fixup_by_path
4a00c458 T fdt_fixup_memory_banks
4a00c668 T fdt_fixup_memory
4a00c688 T fdt_fixup_ethernet
4a00c7b4 T fdt_resize
4a00c884 T hash_command
4a00c924 t b_reset
4a00c940 t static_get
4a00c95c t static_peek
4a00c968 t file_peek
4a00c974 t mapset
4a00c998 t syntax_err
4a00c9a4 t do_showvar
4a00ca98 t xmalloc
4a00cab8 t new_pipe
4a00cae0 t free_pipe_list
4a00cbd4 t xrealloc
4a00cbf4 t done_command
4a00cc7c t done_pipe
4a00ccc4 t done_word
4a00cf74 t is_assignment
4a00cfc8 t file_get
4a00d198 t b_addchr
4a00d218 t b_addqchr
4a00d268 T get_local_var
4a00d300 T set_local_var
4a00d4c0 t insert_var_value_sub
4a00d770 T parse_string_outer
4a00d860 t run_list_real
4a00e008 t parse_stream_outer
4a00e6d8 T parse_file_outer
4a00e71c T u_boot_hush_start
4a00e770 t fdt_error
4a00e79c T boot_fdt_add_mem_rsv_regions
4a00e824 T boot_relocate_fdt
4a00e9b8 T boot_get_fdt
4a00ec2c W ft_verify_fdt
4a00ec34 T image_setup_libfdt
4a00ed08 t on_loadaddr
4a00ed40 T image_check_hcrc
4a00ed8c T image_check_dcrc
4a00edc4 T image_multi_count
4a00ede4 T image_multi_getimg
4a00ee64 T getenv_bootm_low
4a00ee94 T getenv_bootm_size
4a00eef4 T getenv_bootm_mapsize
4a00ef24 T memmove_wd
4a00ef30 T genimg_print_size
4a00ef60 T genimg_print_time
4a00efa8 T get_table_entry_name
4a00efd4 T genimg_get_os_name
4a00efec T genimg_get_arch_name
4a00f004 T genimg_get_type_name
4a00f01c T genimg_get_comp_name
4a00f034 T image_print_contents
4a00f1c0 T genimg_get_format
4a00f1f8 T genimg_get_image
4a00f1fc T genimg_has_config
4a00f204 T boot_get_ramdisk
4a00f46c T boot_ramdisk_high
4a00f5ac T boot_get_cmdline
4a00f62c T image_setup_linux
4a00f6e0 t delete_char.part.0
4a00f7b4 t cread_add_char
4a00f8a0 T __show_boot_progress
4a00f8a0 W show_boot_progress
4a00f8a4 T readline_into_buffer
4a010268 T readline
4a01027c T run_command
4a010284 T run_command_list
4a0102e0 T main_loop
4a0103f0 T do_run
4a010464 T get_ram_size
4a010568 t legacy_miiphy_read
4a010598 t legacy_miiphy_write
4a0105bc T miiphy_get_dev_by_name
4a010618 T miiphy_init
4a01063c T mdio_alloc
4a01066c T miiphy_register
4a010774 T miiphy_set_current_dev
4a0107b4 t miiphy_get_active_dev
4a010808 T miiphy_get_current_dev
4a010820 T miiphy_read
4a01086c T miiphy_write
4a0108ac T miiphy_listdev
4a010920 T miiphy_info
4a0109a4 T miiphy_speed
4a010a34 T miiphy_duplex
4a010ac4 T miiphy_is_1000base_x
4a010acc t hex1_bin
4a010b0c t hex2_bin
4a010b44 T srec_decode
4a010da0 T stdio_get_list
4a010dac T stdio_get_by_name
4a010dfc T stdio_clone
4a010e38 T stdio_register
4a010e7c T stdio_init
4a010f1c t CYGACC_COMM_IF_GETC_TIMEOUT.isra.1
4a010f68 t xyzModem_flush
4a010f80 t xyzModem_get_hdr
4a0111d0 T xyzModem_stream_open
4a011424 T xyzModem_stream_read
4a011678 T xyzModem_stream_close
4a0116c8 T xyzModem_stream_terminate
4a01175c T xyzModem_error
4a01177c T get_dev
4a0117e0 T dev_print
4a0119fc T init_part
4a011a1c T print_part
4a011b04 T get_partition_info
4a011b30 T get_device
4a011bb0 T get_device_and_partition
4a011ff8 t test_block_type
4a012074 t print_partition_extended
4a0122dc t get_partition_info_extended.constprop.2
4a012584 T test_part_dos
4a0125e8 T print_part_dos
4a012618 T get_partition_info_dos
4a012634 t sunxi_gpio_output
4a01266c T gpio_request
4a012674 T gpio_free
4a01267c T gpio_direction_input
4a0126b4 T gpio_direction_output
4a0126d8 T gpio_get_value
4a012700 T gpio_set_value
4a012704 T name_to_gpio
4a0127a0 t i2c_wait_ctl
4a0127ec t i2c_wait_irq_status
4a01282c t i2c_send_data
4a012868 t i2c_start
4a0128e0 t i2c_stop
4a01297c T i2c_init
4a0129f0 T i2c_probe
4a0129f8 T i2c_do_read
4a012afc T i2c_read
4a012b1c T i2c_write
4a012bac T __led_init
4a012bdc T __led_set
4a012bec T __led_toggle
4a012c0c t status_led_init
4a012c34 T status_led_set
4a012c88 t mmc_set_ios
4a012c98 t mmc_set_ios
4a012d60 t mmc_send_cmd
4a012d9c t mmc_send_cmd
4a013300 t mmc_send_ext_csd
4a01334c t mmc_go_idle
4a013398 t mmc_send_op_cond_iter
4a01341c t mmc_set_capacity
4a0134c0 t mmc_send_status.constprop.6
4a01358c t mmc_switch.isra.1
4a0135dc W board_mmc_getwp
4a0135e4 T mmc_getwp
4a013618 T __board_mmc_getcd
4a013618 W board_mmc_getcd
4a013620 T find_mmc_device
4a013664 t mmc_berase
4a0137f8 t mmc_bwrite
4a01398c t mmc_bread
4a013af0 T mmc_send_op_cond
4a013b5c T mmc_complete_op_cond
4a013c28 T mmc_switch_part
4a013c74 T mmc_getcd
4a013ca8 T mmc_set_clock
4a013cc8 t mmc_startup
4a0147b8 T mmc_register
4a01483c T mmc_start_init
4a014a88 T mmc_init
4a014b20 T mmc_get_dev
4a014b4c W cpu_mmc_init
4a014b4c t __def_mmc_init
4a014b54 T print_mmc_devices
4a014bb8 T get_mmc_num
4a014bc8 T mmc_initialize
4a014c40 t mmc_update_clk
4a014ca0 t mmc_core_init
4a014cb8 T sunxi_mmc_init
4a014f1c t nc_wait_arp_handler
4a014f30 t nc_handler
4a014f54 t nc_timeout
4a014f68 t nc_getc
4a014ff0 t nc_send_packet
4a015148 t nc_putc
4a01517c t is_broadcast
4a01521c t nc_tstc
4a0152b4 t nc_puts
4a015318 t refresh_settings_from_env
4a015434 t nc_start
4a01546c T NcStart
4a015548 T nc_input_packet
4a01562c T drv_nc_init
4a0156b0 t sunxi_emac_eth_halt
4a0156b4 t sunxi_emac_eth_send
4a0156fc t emac_phy_write
4a015738 t emac_phy_read
4a015778 t sunxi_emac_eth_init
4a01595c t sunxi_emac_eth_recv
4a015a4c T sunxi_emac_initialize
4a015b64 T GregorianDay
4a015c50 T to_tm
4a015d60 T NS16550_init
4a015db8 T NS16550_reinit
4a015e04 T NS16550_putc
4a015e1c T NS16550_getc
4a015e38 T NS16550_tstc
4a015e48 t get_current
4a015e84 W altera_jtag_serial_initialize
4a015e84 W altera_serial_initialize
4a015e84 W amirix_serial_initialize
4a015e84 W arm_dcc_initialize
4a015e84 W asc_serial_initialize
4a015e84 W atmel_serial_initialize
4a015e84 W au1x00_serial_initialize
4a015e84 W bfin_jtag_initialize
4a015e84 W bfin_serial_initialize
4a015e84 W bmw_serial_initialize
4a015e84 W clps7111_serial_initialize
4a015e84 W cogent_serial_initialize
4a015e84 W cpci750_serial_initialize
4a015e84 W evb64260_serial_initialize
4a015e84 W imx_serial_initialize
4a015e84 W iop480_serial_initialize
4a015e84 W ixp_serial_initialize
4a015e84 W jz_serial_initialize
4a015e84 W ks8695_serial_initialize
4a015e84 W leon2_serial_initialize
4a015e84 W leon3_serial_initialize
4a015e84 W lh7a40x_serial_initialize
4a015e84 W lpc32xx_serial_initialize
4a015e84 W marvell_serial_initialize
4a015e84 W max3100_serial_initialize
4a015e84 W mcf_serial_initialize
4a015e84 W ml2_serial_initialize
4a015e84 W mpc512x_serial_initialize
4a015e84 W mpc5xx_serial_initialize
4a015e84 W mpc8260_scc_serial_initialize
4a015e84 W mpc8260_smc_serial_initialize
4a015e84 W mpc85xx_serial_initialize
4a015e84 W mpc8xx_serial_initialize
4a015e84 W mxc_serial_initialize
4a015e84 W mxs_auart_initialize
4a015e84 W oc_serial_initialize
4a015e84 W p3mx_serial_initialize
4a015e84 W pl01x_serial_initialize
4a015e84 W pxa_serial_initialize
4a015e84 W s3c24xx_serial_initialize
4a015e84 W s3c44b0_serial_initialize
4a015e84 W s5p_serial_initialize
4a015e84 W sa1100_serial_initialize
4a015e84 W sandbox_serial_initialize
4a015e84 W sconsole_serial_initialize
4a015e84 W sh_serial_initialize
4a015e84 W uartlite_serial_initialize
4a015e84 W zynq_serial_initalize
4a015e84 t serial_null
4a015e88 T serial_register
4a015ea0 T serial_stdio_init
4a015f2c T serial_assign
4a015f7c T serial_initialize
4a016050 T serial_init
4a016064 T serial_setbrg
4a016078 t on_baudrate
4a016168 T serial_getc
4a01617c T serial_tstc
4a016190 T serial_putc
4a0161ac T serial_puts
4a0161c8 t calc_divisor.isra.0
4a0161ec t eserial4_init
4a01620c t eserial3_init
4a01622c t eserial2_init
4a01624c t eserial1_init
4a01626c T _serial_putc
4a0162a4 t eserial1_putc
4a0162ac t eserial2_putc
4a0162b4 t eserial3_putc
4a0162bc t eserial4_putc
4a0162c4 T _serial_puts
4a0162ec t eserial1_puts
4a0162f4 t eserial2_puts
4a0162fc t eserial3_puts
4a016304 t eserial4_puts
4a01630c T _serial_getc
4a016328 t eserial1_getc
4a016330 t eserial2_getc
4a016338 t eserial3_getc
4a016340 t eserial4_getc
4a016348 T _serial_tstc
4a01635c t eserial1_tstc
4a016364 t eserial2_tstc
4a01636c t eserial3_tstc
4a016374 t eserial4_tstc
4a01637c T _serial_setbrg
4a0163a4 t eserial1_setbrg
4a0163ac t eserial2_setbrg
4a0163b4 t eserial3_setbrg
4a0163bc t eserial4_setbrg
4a0163c4 W default_serial_console
4a0163d0 T ns16550_serial_initialize
4a016408 T get_fs
4a016414 T ext4fs_free_node
4a016438 T ext4fs_read_file
4a0166bc T ext4fs_ls
4a016734 T ext4fs_read
4a016774 T ext4fs_probe
4a0167a4 T ext4_read_file
4a016808 T ext4fs_read_inode
4a01693c T read_allocated_block
4a0172bc T ext4fs_close
4a0173cc T ext4fs_iterate_dir
4a017650 t ext4fs_find_file1
4a0178ec T ext4fs_find_file
4a017960 T ext4fs_open
4a0179fc T ext4fs_mount
4a017ac4 T ext4fs_set_blk_dev
4a017b34 T ext4fs_devread
4a017d8c T ext4_read_superblock
4a017dc8 t downcase
4a017df8 t disk_read
4a017e50 t dirdelim
4a017e84 t get_fatent
4a017fdc t mkcksum
4a018030 t check_overflow
4a0180a4 t disk_write
4a018124 t flush_fat_buffer
4a0181a4 t get_fatent_value
4a018328 t set_fatent_value
4a018428 t get_name
4a0184d4 t read_bootsectandvi
4a0185fc t get_cluster
4a018778 t set_cluster
4a018850 t set_contents
4a018a14 t set_name
4a018b50 t slot2str
4a018c18 t get_vfatname
4a018dd4 t flush_dir_table.constprop.6
4a018ebc t do_fat_write
4a0198e8 T fat_set_blk_dev
4a0199bc T do_fat_read_at
4a01a4c8 T do_fat_read
4a01a4ec T file_fat_detectfs
4a01a638 T file_fat_ls
4a01a648 T file_fat_read_at
4a01a68c T fat_read_file
4a01a6c8 T fat_close
4a01a6cc T file_fat_write
4a01a700 t fs_probe_unsupported
4a01a718 t fs_ls_unsupported
4a01a720 t fs_read_unsupported
4a01a728 t fs_write_unsupported
4a01a730 t fs_close_unsupported
4a01a734 t fs_get_info
4a01a764 t fs_close
4a01a78c T fs_set_blk_dev
4a01a82c T fs_ls
4a01a868 T fs_read
4a01a8e8 T do_load
4a01aaac T do_ls
4a01ab18 T fdt_check_header
4a01ab90 T fdt_offset_ptr
4a01abdc T fdt_next_tag
4a01acd4 T _fdt_check_node_offset
4a01ad0c T _fdt_check_prop_offset
4a01ad44 T fdt_next_node
4a01ae04 T _fdt_find_string
4a01ae5c T fdt_move
4a01aea4 t _nextprop
4a01aef4 T fdt_string
4a01af08 T fdt_get_mem_rsv
4a01af64 T fdt_num_mem_rsv
4a01afa0 T fdt_subnode_offset_namelen
4a01b06c T fdt_get_name
4a01b0d8 T fdt_first_property_offset
4a01b0f8 T fdt_next_property_offset
4a01b118 T fdt_get_property_by_offset
4a01b16c T fdt_get_property_namelen
4a01b218 T fdt_get_property
4a01b250 T fdt_getprop_namelen
4a01b26c T fdt_getprop
4a01b2a4 T fdt_get_alias_namelen
4a01b2ec T fdt_path_offset
4a01b3d0 T fdt_supernode_atdepth_offset
4a01b488 T fdt_node_depth
4a01b4ac t _fdt_blocks_misordered
4a01b510 t _fdt_packblocks
4a01b5b8 t _fdt_splice
4a01b630 t _fdt_splice_struct
4a01b67c t _fdt_splice_mem_rsv
4a01b6d4 t _fdt_add_property
4a01b7fc t _fdt_rw_check_header
4a01b860 T fdt_add_mem_rsv
4a01b8f0 T fdt_del_mem_rsv
4a01b948 T fdt_setprop
4a01ba18 T fdt_delprop
4a01ba7c T fdt_add_subnode_namelen
4a01bb70 T fdt_add_subnode
4a01bba0 T fdt_del_node
4a01bbf8 T fdt_open_into
4a01bda8 T fdt_strerror
4a01be00 T _fdt_node_end_offset
4a01be40 T cyg_crc16
4a01be84 T crc32_no_comp
4a01bf64 T crc32
4a01bf78 T crc32_wd
4a01bf7c T print_size
4a01c0b4 T print_buffer
4a01c27c T __div64_32
4a01c358 T gzfree
4a01c360 T gzalloc
4a01c370 T zunzip
4a01c48c T gunzip
4a01c538 T hang
4a01c554 t cmpkey
4a01c568 t _hdelete.isra.1
4a01c5b8 t drop_var_from_set.part.2
4a01c608 t match_string.isra.3
4a01c66c T hcreate_r
4a01c720 T hdestroy_r
4a01c798 T hmatch_r
4a01c838 T hsearch_r
4a01ccd4 T hdelete_r
4a01cda8 T hexport_r
4a01d0e4 T himport_r
4a01d438 T hwalk_r
4a01d498 T skip_spaces
4a01d4c0 T strim
4a01d520 t lmb_add_region
4a01d6f0 T lmb_init
4a01d718 T lmb_add
4a01d71c T lmb_free
4a01d828 T lmb_reserve
4a01d830 T lmb_overlaps_region
4a01d890 T __lmb_alloc_base
4a01d9a0 T lmb_alloc_base
4a01d9d4 T lmb_alloc
4a01d9dc T __board_lmb_reserve
4a01d9dc W board_lmb_reserve
4a01d9e0 T string_to_ip
4a01da40 T qsort
4a01db20 T strcmp_compar
4a01db2c T strcpy
4a01db48 T strncpy
4a01db6c T strcat
4a01db9c T strncat
4a01dbf0 T strcmp
4a01dc1c T strncmp
4a01dc5c T strchr
4a01dc90 T strlen
4a01dcb0 T strnlen
4a01dce0 T strdup
4a01dd18 T strpbrk
4a01dd54 T memset
4a01ddc0 T memcpy
4a01de28 T memmove
4a01de88 T memcmp
4a01debc T strstr
4a01df20 T memchr
4a01df50 T udelay
4a01df80 T mdelay
4a01dfa4 t put_dec_trunc
4a01e080 t put_dec
4a01e1b0 t string.isra.0
4a01e250 t number.isra.4
4a01e4b4 t vsnprintf_internal.isra.6
4a01eac4 T simple_strtoul
4a01eb84 T strict_strtoul
4a01ebfc T simple_strtol
4a01ec24 T simple_strtoull
4a01ed10 T vsprintf
4a01ed14 T sprintf
4a01ed38 T panic
4a01ed7c T simple_itoa
4a01edd4 T zcfree
4a01eddc T zcalloc
4a01ede4 T inflate_fast
4a01f38c T inflate_table
4a01f93c T inflateReset
4a01f9b8 T inflateInit2_
4a01fabc T inflateEnd
4a01fb20 T adler32
4a01fe5c T inflate
4a021478 T ArpInit
4a0214c8 T arp_raw_request
4a021588 T ArpRequest
4a021608 T ArpTimeoutCheck
4a021688 T ArpReceive
4a02189c t DhcpExtended
4a021a2c t DhcpOptionsProcess
4a021cb0 t DhcpHandler
4a021fd4 T BootpRequest
4a0221d0 t BootpTimeout
4a022220 T DhcpRequest
4a022224 t DnsTimeout
4a022248 t DnsHandler
4a022414 T DnsStart
4a022530 W board_eth_init
4a022530 t __def_eth_init
4a022538 t eth_current_changed
4a022598 T eth_parse_enetaddr
4a0225ec T eth_getenv_enetaddr
4a022648 T eth_setenv_enetaddr
4a02267c T eth_getenv_enetaddr_by_index
4a0226cc T eth_get_dev_by_name
4a022754 T eth_get_dev_by_index
4a02278c T eth_get_dev_index
4a0227a8 T eth_write_hwaddr
4a022980 T eth_register
4a0229fc T eth_initialize
4a022bcc T eth_halt
4a022bfc T eth_send
4a022c34 T eth_rx
4a022c60 T eth_try_another
4a022ce8 T eth_init
4a022db4 T eth_set_current
4a022e60 T eth_get_name
4a022e80 t startAgainTimeout
4a022e94 t dummy_handler
4a022e98 t net_clear_handlers
4a022ecc T net_auto_load
4a022f30 T NetStartAgain
4a02308c T net_set_udp_handler
4a0230ac T net_get_arp_handler
4a0230bc T net_set_arp_handler
4a0230dc T NetSetTimeout
4a023128 T NetCksum
4a023160 T NetCksumOk
4a023180 T NetReceive
4a023448 T NetEthHdrSize
4a023480 T NetSetEther
4a02351c T net_update_ether
4a023594 T net_set_ip_header
4a02361c T net_set_udp_header
4a0236a4 T NetSendUDPPacket
4a0237b4 T copy_filename
4a023800 t on_bootfile
4a02382c T random_port
4a023844 T ip_to_string
4a023878 T string_to_VLAN
4a0238c0 T getenv_VLAN
4a0238d0 t NetInitLoop
4a0239dc T net_init
4a023a4c T NetLoop
4a023e48 t basename
4a023e88 t rpc_add_credentials
4a023f3c t rpc_lookup_reply
4a023ff0 t nfs_mount_reply
4a02409c t nfs_umountall_reply
4a024138 t nfs_lookup_reply
4a0241d4 t rpc_req
4a0242d0 t nfs_mount_req
4a024360 t nfs_umountall_req
4a0243c0 t nfs_lookup_req
4a024464 t nfs_read_req
4a0244dc t nfs_readlink_req
4a024534 t nfs_readlink_reply
4a024634 t nfs_read_reply.isra.1
4a02477c t NfsSend
4a024890 t NfsHandler
4a024aec t NfsTimeout
4a024b50 T NfsStart
4a024dbc t ping_timeout
4a024dd8 T ping_start
4a024efc T ping_receive
4a024fe4 t SntpTimeout
4a025008 t SntpHandler
4a0250ac T SntpStart
4a025180 t TftpSend
4a025340 t TftpHandler
4a0256c0 t TftpTimeout
4a025748 T TftpStart
4a025a90 T board_init
4a025ad0 T checkboard
4a025af0 T dram_init
4a025b10 T board_mmc_init
4a025b24 T raise
4a025b40 T __udivsi3
4a025b40 t .udivsi3_skip_div0_test
4a025b40 t __aeabi_uidiv
4a025d9c t __aeabi_uidivmod
4a025db8 T __divsi3
4a025db8 t __aeabi_idiv
4a025dbe t .divsi3_skip_div0_test
4a02604c t __aeabi_idivmod
4a026068 T __lshrdi3
4a026068 t __aeabi_llsr
4a026080 T __ashldi3
4a026080 t __aeabi_llsl
4a026098 W __aeabi_ldiv0
4a026098 t __aeabi_idiv0
4a026154 r CSWTCH.26
4a026174 r baudrate_table
4a026188 r block_drvr
4a026198 r boot_os
4a0261f8 r crc_table
4a0265f8 r desc_and_len_tbl
4a026628 r env_flags_varaccess_mask
4a026638 r ext_csd_bits.6577
4a026644 r ext_to_hostcaps.6578
4a026650 r fbase
4a026660 r fdt_errtable
4a026694 r led_commands
4a0266bc r multipliers
4a0266fc r op_table
4a026764 r reg_0_5_desc_tbl
4a026794 r reg_0_desc_tbl
4a02680c r reg_1_desc_tbl
4a0268cc r reg_2_desc_tbl
4a0268d8 r reg_3_desc_tbl
4a0268fc r reg_4_desc_tbl
4a02698c r reg_5_desc_tbl
4a026a1c r serial_ports
4a026a34 r uimage_arch
4a026b3c r uimage_comp
4a026b84 r uimage_os
4a026bfc r uimage_type
4a026cd4 R wdt_timeout_map
4a026d18 r widths.6579
4a026d24 r crc16_tab
4a026f24 r dbase.6386
4a026f64 r dext.6387
4a026fa4 r distfix
4a027024 r lbase.6384
4a027062 r lenfix
4a027862 r lext.6385
4a0278a0 r order.6480
4a0278d7 r CSWTCH.49
4a0278ed r __FUNCTION__.6592
4a027901 r __FUNCTION__.6647
4a027911 r __FUNCTION__.6981
4a027928 r __func__.6216
4a027938 r __func__.6227
4a027943 r __func__.6266
4a027952 r __func__.6396
4a027960 r __func__.6430
4a02796e r __func__.6474
4a027976 R _ctype
4a027a76 R default_environment
4a028154 r delims.6095
4a028157 r digits.6099
4a028167 r env_flags_varaccess_rep
4a02816c r env_flags_vartype_rep
4a028173 r erase_seq
4a028177 r hex_asc
4a028188 r names.6100
4a02f21b r tab_seq
4a02f224 V version_string
4a02f2a0 D init_sequence
4a02f2d4 d bootm_help_text
4a02f65f d bootz_help_text
4a02f868 d cmd_bootm_sub
4a02f964 d root.6744
4a02f966 d tabs.6827
4a02f987 d fdt_help_text
4a02ff6a d i2c_help_text
4a030240 d cmd_i2c_sub
4a030374 d i2c_dp_last_length
4a030378 d do_echo
4a03037c d dp_last_length
4a030380 d curr_device
4a030384 d env_help_text
4a03059c d env_id
4a0305a0 d cmd_env_sub
4a03069c d source_help_text
4a0306ea d imgextract_help_text
4a030740 d av_
4a030b48 d sbrk_base
4a030b4c d trim_threshold
4a030b50 D env_htab
4a030b60 D env_name_spec
4a030b64 d reserved_list
4a030be8 D load_addr
4a030bec d hist_cur
4a030bf0 D stdio_names
4a030bfc d i2c_base
4a030c00 D led_dev
4a030c10 d cur_dev_num
4a030c14 d month_days
4a030c44 D eserial1_device
4a030c74 D eserial2_device
4a030ca4 D eserial3_device
4a030cd4 D eserial4_device
4a030d04 D ext4fs_indir3_blkno
4a030d08 D ext4fs_indir1_blkno
4a030d0c D ext4fs_indir2_blkno
4a030d10 d fstypes
4a030d58 D NetOurNativeVLAN
4a030d5c d first_call.6874
4a030d60 D NetBcastAddr
4a030d66 D NetOurVLAN
4a030d68 d nfs_offset
4a030d6c d TftpTimeoutCountMax
4a030d70 D TftpRRQTimeoutCountMax
4a030d74 d TftpBlkSizeOption
4a030d78 d TftpTimeoutMSecs
4a030d7c d TftpBlkSize
4a030d8c D _u_boot_list_2_cmd_2_base
4a030d8c d start.5988
4a030d8c d start.5992
4a030d8c d start.6037
4a030d8c d start.6041
4a030d8c d start.6068
4a030d8c d start.6072
4a030da8 D _u_boot_list_2_cmd_2_bdinfo
4a030dc4 D _u_boot_list_2_cmd_2_boot
4a030de0 D _u_boot_list_2_cmd_2_bootd
4a030dfc D _u_boot_list_2_cmd_2_bootelf
4a030e18 D _u_boot_list_2_cmd_2_bootm
4a030e34 D _u_boot_list_2_cmd_2_bootp
4a030e50 D _u_boot_list_2_cmd_2_bootvx
4a030e6c D _u_boot_list_2_cmd_2_bootz
4a030e88 D _u_boot_list_2_cmd_2_cmp
4a030ea4 D _u_boot_list_2_cmd_2_coninfo
4a030ec0 D _u_boot_list_2_cmd_2_cp
4a030edc D _u_boot_list_2_cmd_2_crc32
4a030ef8 D _u_boot_list_2_cmd_2_dhcp
4a030f14 D _u_boot_list_2_cmd_2_dns
4a030f30 D _u_boot_list_2_cmd_2_echo
4a030f4c D _u_boot_list_2_cmd_2_editenv
4a030f68 D _u_boot_list_2_cmd_2_env
4a030f84 D _u_boot_list_2_cmd_2_exit
4a030fa0 D _u_boot_list_2_cmd_2_ext2load
4a030fbc D _u_boot_list_2_cmd_2_ext2ls
4a030fd8 D _u_boot_list_2_cmd_2_ext4load
4a030ff4 D _u_boot_list_2_cmd_2_ext4ls
4a031010 D _u_boot_list_2_cmd_2_false
4a03102c D _u_boot_list_2_cmd_2_fatinfo
4a031048 D _u_boot_list_2_cmd_2_fatload
4a031064 D _u_boot_list_2_cmd_2_fatls
4a031080 D _u_boot_list_2_cmd_2_fatwrite
4a03109c D _u_boot_list_2_cmd_2_fdt
4a0310b8 D _u_boot_list_2_cmd_2_go
4a0310d4 D _u_boot_list_2_cmd_2_gpio
4a0310f0 D _u_boot_list_2_cmd_2_help
4a03110c D _u_boot_list_2_cmd_2_i2c
4a031128 D _u_boot_list_2_cmd_2_iminfo
4a031144 D _u_boot_list_2_cmd_2_imxtract
4a031160 D _u_boot_list_2_cmd_2_itest
4a03117c D _u_boot_list_2_cmd_2_led
4a031198 D _u_boot_list_2_cmd_2_loadb
4a0311b4 D _u_boot_list_2_cmd_2_loads
4a0311d0 D _u_boot_list_2_cmd_2_loadx
4a0311ec D _u_boot_list_2_cmd_2_loady
4a031208 D _u_boot_list_2_cmd_2_loop
4a031224 D _u_boot_list_2_cmd_2_md
4a031240 D _u_boot_list_2_cmd_2_mii
4a03125c D _u_boot_list_2_cmd_2_mm
4a031278 D _u_boot_list_2_cmd_2_mmc
4a031294 D _u_boot_list_2_cmd_2_mmcinfo
4a0312b0 D _u_boot_list_2_cmd_2_mw
4a0312cc D _u_boot_list_2_cmd_2_nfs
4a0312e8 D _u_boot_list_2_cmd_2_nm
4a031304 D _u_boot_list_2_cmd_2_ping
4a031320 D _u_boot_list_2_cmd_2_printenv
4a03133c D _u_boot_list_2_cmd_2_question_mark
4a031358 D _u_boot_list_2_cmd_2_reset
4a031374 D _u_boot_list_2_cmd_2_run
4a031390 D _u_boot_list_2_cmd_2_saveenv
4a0313ac D _u_boot_list_2_cmd_2_setenv
4a0313c8 D _u_boot_list_2_cmd_2_setexpr
4a0313e4 D _u_boot_list_2_cmd_2_showvar
4a031400 D _u_boot_list_2_cmd_2_sleep
4a03141c D _u_boot_list_2_cmd_2_sntp
4a031438 D _u_boot_list_2_cmd_2_source
4a031454 D _u_boot_list_2_cmd_2_test
4a031470 D _u_boot_list_2_cmd_2_tftpboot
4a03148c D _u_boot_list_2_cmd_2_true
4a0314a8 D _u_boot_list_2_cmd_2_version
4a0314c4 D _u_boot_list_2_env_clbk_2_baudrate
4a0314c4 d end.5995
4a0314c4 d end.6044
4a0314c4 d end.6075
4a0314c4 d start.6131
4a0314c4 d start.6138
4a0314cc D _u_boot_list_2_env_clbk_2_bootfile
4a0314d4 D _u_boot_list_2_env_clbk_2_callbacks
4a0314dc D _u_boot_list_2_env_clbk_2_console
4a0314e4 D _u_boot_list_2_env_clbk_2_flags
4a0314ec D _u_boot_list_2_env_clbk_2_loadaddr
4a0314f4 B __bss_base
4a0314f4 B __bss_start
4a0314f4 B monitor_flash_len
4a0314f4 D __image_copy_end
4a0314f4 D __rel_dyn_start
4a0314f4 d end.6134
4a0314f8 b params
4a0314fc B images
4a03162c B working_fdt
4a031630 b data.6718
4a031a30 b i2c_mm_last_chip
4a031a34 b i2c_mm_last_alen
4a031a38 b i2c_mm_last_addr
4a031a3c b i2c_dp_last_chip
4a031a40 b i2c_dp_last_addr
4a031a44 b i2c_dp_last_alen
4a031a48 b send_parms
4a031a5c b os_data_init
4a031a60 b os_data_addr_saved
4a031a64 b his_pad_char
4a031a65 b a_b
4a031a80 b os_data_char
4a031a84 b os_data_state
4a031a88 b k_data_escape
4a031a8c b os_data_state_saved
4a031a90 b os_data_addr
4a031a94 b send_ptr
4a031a98 b bin_start_address
4a031a9c b his_quote
4a031aa0 b his_pad_count
4a031aa4 b his_eol
4a031aa8 b k_data_escape_saved
4a031aac b dp_last_addr
4a031ab0 b base_address
4a031ab4 b mm_last_size
4a031ab8 b mm_last_addr
4a031abc b dp_last_size
4a031ac0 b last_data
4a031ac4 b last_reg_hi
4a031ac8 b last_addr_lo
4a031acc b last_op
4a031ad0 b last_addr_hi
4a031ad4 b last_reg_lo
4a031ad8 b tmp_buf
4a031bd8 b tmp_buf.6058
4a031dd8 b ctrlc_was_pressed
4a031ddc b ctrlc_disabled
4a031de0 b max_total_mem
4a031de4 B mem_malloc_brk
4a031de8 b max_sbrked_mem
4a031dec b current_mallinfo
4a031e14 B mem_malloc_end
4a031e18 b top_pad
4a031e1c B mem_malloc_start
4a031e20 b flag_repeat
4a031e24 b the_command.6248
4a031f24 b ifs
4a031f28 b buf.6448
4a031f50 b last_return_code
4a031f54 b map
4a032054 b do_repeat
4a032058 b top_vars
4a03205c b hist_list
4a0320ac b hist_lines
4a0334c0 b hist_max
4a0334c4 b hist_add_idx
4a0334c8 b initted.6933
4a0334cc b hist_num
4a0334d0 B console_buffer
4a0335d4 b current_mii
4a0335d8 b mii_devs
4a0335e0 b devs
4a03361c B stdio_devices
4a033628 b xyz
4a033a5c b status_led_init_done
4a033a60 b mmc_devices
4a033a68 B mmc_dev
4a034028 B mmc_host
4a034088 b input_buffer
4a034288 b nc_ip
4a03428c B net_loop_last_protocol
4a034290 b input_offset
4a034294 b nc_ether
4a03429c b env_changed_id.6200
4a0342a0 b net_timeout
4a0342a4 b our_ip.6199
4a0342a8 b nc_in_port
4a0342ac b output_packet
4a0342b0 b input_recursion
4a0342b4 b output_packet_len
4a0342b8 b netmask.6198
4a0342bc b output_recursion
4a0342c0 b nc_out_port
4a0342c4 b input_size
4a0342c8 b serial_devices
4a0342cc b serial_current
4a0342d0 B ext_fs
4a034318 B ext4fs_indir3_block
4a03431c B ext4fs_root
4a034320 B ext4fs_indir3_size
4a034324 B ext4fs_indir1_block
4a034328 B ext4fs_indir2_size
4a03432c B ext4fs_indir2_block
4a034330 B ext4fs_indir1_size
4a034334 b symlinknest
4a034338 B ext4fs_file
4a03433c b part_info
4a034340 b ext4fs_block_dev_desc
4a034344 B part_offset
4a034380 B get_contents_vfatname_block
4a0374bc A _end
4a0374bc R __rel_dyn_end
4a044380 B do_fat_read_at_block
4a054380 B get_dentfromdir_block
4a064380 b empty_dentptr
4a064384 b cur_part_info
4a0643d4 b total_sector
4a0643d8 b dir_curclust
4a0643dc b num_of_fats
4a0643e0 b cur_dev
4a0643e4 b fs_partition
4a064434 b fs_type
4a064438 b fs_dev_desc
4a06443c B errno
4a064440 b local.6278
4a064458 B NetArpWaitPacketIP
4a06445c B NetArpWaitTimerStart
4a064460 b NetArpWaitReplyIP
4a064464 B NetArpWaitTxPacketSize
4a064468 B NetArpWaitTry
4a06446c b NetArpTxPacket
4a064470 b NetArpPacketBuf
4a064ab0 B NetArpWaitPacketMAC
4a064ab4 b dhcp_state
4a064ab8 B BootpTry
4a064abc b NetDHCPServerIP
4a064ac0 B BootpID
4a064ac4 b dhcp_leasetime
4a064ac8 B NetDNSenvvar
4a064acc B NetDNSResolve
4a064ad0 b DnsOurPort
4a064ad4 b env_changed_id.6673
4a064ad8 b act.6672
4a064adc B eth_current
4a064ae0 b index.6620
4a064ae4 b first_failed.6667
4a064ae8 b eth_devices
4a064aec B NetOurEther
4a064af4 B NetServerIP
4a064af8 b NetRestarted
4a064afc B net_state
4a064b00 b arp_packet_handler
4a064b04 B NetTimeOffset
4a064b08 B NetEtherNullAddr
4a064b10 B NetRxPacket
4a064b14 b udp_packet_handler
4a064b18 B NetRxPackets
4a064b28 b NetDevExists
4a064b2c b timeStart
4a064b30 b timeHandler
4a064b34 b NetTryCount
4a064b38 B NetOurDNSIP
4a064b3c B NetOurSubnetMask
4a064b40 B NetOurDNS2IP
4a064b44 B NetTxPacket
4a064b48 B NetBootFileXferSize
4a064b4c B NetNtpServerIP
4a064b50 B NetOurIP
4a064b54 B NetOurNISDomain
4a064b74 B NetIPID
4a064b78 B NetBootFileSize
4a064b7c B NetOurGatewayIP
4a064b80 b env_changed_id.6863
4a064b84 B NetOurHostName
4a064ba4 B NetRestartWrap
4a064ba8 B NetRxPacketLen
4a064bac B BootFile
4a064c2c b timeDelta
4a064c30 B NetServerEther
4a064c36 b PktBuf
4a066a76 B NetOurRootPath
4a066ab8 b NfsOurPort
4a066abc b NfsServerIP
4a066ac0 b nfs_filename
4a066ac4 b nfs_len
4a066ac8 b NfsSrvMountPort
4a066acc b dirfh
4a066aec b NfsSrvNfsPort
4a066af0 b rpc_id
4a066af4 b fs_mounted
4a066af8 b nfs_path_buff
4a0672f8 b nfs_download_state
4a0672fc b nfs_path
4a067300 b filefh
4a067320 b NfsState
4a067324 b default_filename
4a067364 b default_filename
4a067374 b NfsTimeoutCount
4a067378 B NetPingIP
4a06737c b PingSeqNo
4a067380 b SntpOurPort
4a067384 b time_start
4a067388 b TftpTimeoutCount
4a06738c b TftpBlockWrap
4a067390 b TftpBlock
4a067394 b TftpOurPort
4a067398 b TftpRemoteIP
4a06739c b TftpState
4a0673a0 b TftpRemotePort
4a0673a4 b tftp_filename
4a067424 b TftpBlockWrapOffset
4a067428 b TftpLastBlock
4a06742c B __bss_end
4a06742c B __bss_limit
